
> frontend@0.0.0 build
> ng build

node.exe : - Building...
Au caractère Ligne:1 : 1
+ & "C:\Program Files\nodejs/node.exe" 
"C:\Program Files\nodejs/node_mo ...
+ ~~~~~~~~~~~~~~~~~~~~~~~~~~~~~~~~~~~~~~~~~~~~~~
~~~~~~~~~~~~~~~~~~~~~~~
    + CategoryInfo          : NotSpecified: (-  
   Building...:String) [], RemoteException
    + FullyQualifiedErrorId : NativeCommandErro 
   r
 

Application bundle generation failed. [6.439 seconds]

Ôû▓ [WARNING] NG8107: The left side of this 
optional chain operation does not include 
'null' or 'undefined' in its type, therefore 
the '?.' operator can be replaced with the '.' 
operator. [plugin angular-compiler]

    
src/app/shared/toast/toast.component.ts:9:45:
      9 Ôöé       <div class="toast" 
[ngClass]="message?.type">
        ÔòÁ                                     
         ~~~~


Ôû▓ [WARNING] NG8107: The left side of this 
optional chain operation does not include 
'null' or 'undefined' in its type, therefore 
the '?.' operator can be replaced with the '.' 
operator. [plugin angular-compiler]

    
src/app/shared/toast/toast.component.ts:10:26:
      10 Ôöé         <span>{{ message?.message 
}}</span>
         ÔòÁ                           ~~~~~~~


X [ERROR] NG1: Object is possibly 'null'. 
[plugin angular-compiler]

    
src/app/collaborateur/cv/cv.component.html:7:66:
      7 Ôöé ...ur?.photoUrl" 
[src]="collaborateur.photoUrl" alt="Photo de 
profil">
        ÔòÁ                                     
  ~~~~~~~~

  Error occurs in the template of component 
CvComponent.

    
src/app/collaborateur/cv/cv.component.ts:10:15:
      10 Ôöé   templateUrl: 
'./cv.component.html',
         ÔòÁ                
~~~~~~~~~~~~~~~~~~~~~


